// Jest Snapshot v1, https://goo.gl/fbAQLP

exports[`Planet Should return suitable planets 1`] = `
Object {
  "data": Object {
    "suitablePlanets": Array [
      Object {
        "hasStation": false,
        "mass": 32,
        "name": "other_name",
      },
    ],
  },
  "errors": undefined,
  "extensions": undefined,
  "http": Object {
    "headers": Headers {
      Symbol(map): Object {},
    },
  },
}
`;
